Header
->1
-13632752.323800 4549693.849600 0.000000
-13632651.248800 4549985.844000 0.000000
-13632499.636400 4549733.156600 0.000000
-13632134.643400 4549924.076000 0.000000
-13632286.255800 4549514.160800 0.000000
-13631999.876700 4549531.006600 0.000000
-13631893.186500 4549721.926000 0.000000
->2
-13630264.756200 4550216.070400 0.000000
-13629888.532600 4550603.524500 0.000000
-13629697.613200 4550345.221800 0.000000
-13629040.625800 4550193.609300 0.000000
-13628973.242500 4550665.292500 0.000000
-13628608.249500 4550906.749400 0.000000
-13628260.102300 4550322.760700 0.000000
-13627518.885800 4550277.838400 0.000000
