Header
->1
-13631775.265600 4550979.748000 0.000000
-13631056.510200 4551574.967400 0.000000
-13630236.679800 4551041.516100 0.000000
-13630837.514400 4550232.916200 0.000000
-13631775.265600 4550979.748000 0.000000
->2
-13629624.614600 4549901.614900 0.000000
-13627642.421900 4549721.926000 0.000000
-13628641.941100 4548290.030400 0.000000
-13630466.906100 4549081.784500 0.000000
-13629624.614600 4549901.614900 0.000000
